[0;34m========================================[0m
[0;34m   MindfulMe Comprehensive Test Suite  [0m
[0;34m========================================[0m

API URL: [1;33mhttps://fym-backend.onrender.com[0m
Frontend URL: [1;33mhttp://localhost:3000[0m


[0;34m━━━━━━━━━━━━━━━━━━━━━━━━━━━━━━━━━━━━━━━━[0m
[0;34mTEST 1.0: API Health Check[0m
[0;34m━━━━━━━━━━━━━━━━━━━━━━━━━━━━━━━━━━━━━━━━[0m
[0;31m✗ FAIL[0m: API health check
[0;31m   Error: HTTP 000[0m
